zig : test
At line:1 char:1
+ zig build test > test_output.txt 2>&1
+ ~~~~~~~~~~~~~~~~~~~~~~~~~~~~~~~~~~~~~
    + CategoryInfo          : NotSpecified: (test:String) [], Remo 
   teException
    + FullyQualifiedErrorId : NativeCommandError
 
+- run test
   +- compile test Debug native 1 errors
src\proof\harness.zig:781:45: error: use of undeclared identifier 
'key'
    var hasher = try hasher_mod.Hasher.init(key, 
mem_vault.vaultInterface(), allocator);
                                            ^~~
error: the following command failed with 1 compilation errors:
"C:\\Users\\Cary\\AppData\\Local\\Microsoft\\WinGet\\Packages\\zig.
zig_Microsoft.Winget.Source_8wekyb3d8bbwe\\zig-x86_64-windows-0.15.
2\\zig.exe" test "-Mroot=C:\\Users\\Cary\\Documents\\GitHub\\NanoMa
sk\\src\\root.zig" --cache-dir .zig-cache --global-cache-dir 
"C:\\Users\\Cary\\AppData\\Local\\zig" --name test --zig-lib-dir "C
:\\Users\\Cary\\AppData\\Local\\Microsoft\\WinGet\\Packages\\zig.zi
g_Microsoft.Winget.Source_8wekyb3d8bbwe\\zig-x86_64-windows-0.15.2\
\lib\\" --listen=-

Build Summary: 2/5 steps succeeded; 1 failed
test transitive failure
+- run test transitive failure
   +- compile test Debug native 1 errors

error: the following build command failed with exit code 1:
.zig-cache\o\4ea8bae543fd28d053786422fa2b109a\build.exe C:\Users\Ca
ry\AppData\Local\Microsoft\WinGet\Packages\zig.zig_Microsoft.Winget
.Source_8wekyb3d8bbwe\zig-x86_64-windows-0.15.2\zig.exe C:\Users\Ca
ry\AppData\Local\Microsoft\WinGet\Packages\zig.zig_Microsoft.Winget
.Source_8wekyb3d8bbwe\zig-x86_64-windows-0.15.2\lib 
C:\Users\Cary\Documents\GitHub\NanoMask .zig-cache 
C:\Users\Cary\AppData\Local\zig --seed 0x432951a1 
-Z0ab7f840c696632a test
